C51 COMPILER V9.60.7.0   PORT                                                              03/02/2024 03:29:41 PAGE 1   


C51 COMPILER V9.60.7.0, COMPILATION OF MODULE PORT
OBJECT MODULE PLACED IN .\Objects\port.obj
COMPILER INVOKED BY: C:\Keil_v5\C51\BIN\C51.EXE port.c OPTIMIZE(8,SPEED) BROWSE DEBUG OBJECTEXTEND PRINT(.\Listings\port
                    -.lst) TABS(2) OBJECT(.\Objects\port.obj)

line level    source

   1          #include "main.h"
   2          
   3          void writePinP1(const tByte PIN, const bit VALUE)
   4          {
   5   1        tByte p = 0x01;
   6   1        p <<= PIN;
   7   1        if(VALUE == 1) //Write 1 at pin
   8   1        {
   9   2          P1 = P1 | p;
  10   2        }
  11   1        else           //Write 0 at pin
  12   1        {
  13   2          p = ~p;
  14   2          P1 = P1 & p;
  15   2        }
  16   1      }
  17          
  18          //Read from a pin at P1
  19          bit readPinP1(const tByte PIN)
  20          {
  21   1        tByte p = 0x01;
  22   1        p <<= PIN;
  23   1        
  24   1        writePinP1(PIN,1); //Setup for reading
  25   1        return (P1 & p);
  26   1      }


MODULE INFORMATION:   STATIC OVERLAYABLE
   CODE SIZE        =     50    ----
   CONSTANT SIZE    =   ----    ----
   XDATA SIZE       =   ----    ----
   PDATA SIZE       =   ----    ----
   DATA SIZE        =   ----    ----
   IDATA SIZE       =   ----    ----
   BIT SIZE         =   ----       1
END OF MODULE INFORMATION.


C51 COMPILATION COMPLETE.  0 WARNING(S),  0 ERROR(S)
